---
source: crates/bitnet-cli/tests/cli_snapshot_tests.rs
expression: help
---
BitNet-rs CLI - one-shot generation and chat with strict receipts

QUICK EXAMPLES:

  # Deterministic math sanity check (validates model correctness)
  RUST_LOG=warn bitnet run --model model.gguf --tokenizer tokenizer.json \
    --prompt "Answer with a single digit: 2+2=" --max-tokens 1 --temperature 0.0 --greedy

  # General Q&A with instruct template
  RUST_LOG=warn bitnet run --model model.gguf --tokenizer tokenizer.json \
    --prompt "What is 2+2?" --max-tokens 16 --temperature 0.0 --greedy

  # Creative completion (nucleus sampling)
  RUST_LOG=warn bitnet run --model model.gguf --tokenizer tokenizer.json \
    --prompt "Explain photosynthesis" --max-tokens 128 --temperature 0.7 --top-p 0.95

  # Interactive chat (auto-detects template, clean output)
  RUST_LOG=warn bitnet chat --model model.gguf --tokenizer tokenizer.json

  # Apple M4 local answer path: CPU/NEON is the reliable user-facing route today.
  # The JSON receipt records requested_backend, selected_backend, runtime_api, and fallback_used.
  RUST_LOG=warn bitnet --device apple-m4-cpu-neon run \
    --model models/BitNet-b1.58-2B-4T/ggml-model-i2_s.gguf \
    --prompt "What is 2+2? Answer briefly." --max-tokens 32 \
    --temperature 0.0 --greedy --deterministic \
    --strict-loader --strict-tokenizer --json-out local-answer-cpu-neon.json

APPLE M4 ROUTING:
  apple-m4-cpu-neon: reliable local-answer path with strict receipts.
  apple-m4-metal: receipt-backed Metal phase/subgraph proof only unless a strict
    full-model Metal receipt later proves more.
  apple-m4-mpsgraph: graph/reference lane, not native Metal or Neural Engine proof.

LOGGING:
  Set RUST_LOG=warn (default: info) to reduce log noise and focus on generated text.
  Options: error, warn, info, debug, trace

PERFORMANCE:
  For best CPU throughput, build with:
    RUSTFLAGS="-C target-cpu=native -C opt-level=3 -C lto=thin" \
      cargo build --release --features cpu

  Run with:
    RAYON_NUM_THREADS=$(nproc) RUST_LOG=warn bitnet run ...

  QK256 Models (I2_S quantization):
    - Without AVX2: ~0.1 tok/s (scalar kernels, ~10s per token)
    - With AVX2: ~1.2x faster (optimized kernels)
    - For quick validation: use --max-tokens 4-16
    - Further SIMD work is tracked in the cpu-qk256-performance campaign;
      no speedup is claimed until an exact benchmark-qualified receipt lands.


Usage: bitnet [OPTIONS] [COMMAND]

Commands:
  run                 Run simple text generation
  ask                 Ask one question using the answer-readiness generation path
  model               Fetch, verify, list, and prune supported local model artifacts
  profile             Show a supported operator profile contract
  doctor              Diagnose a profile, model artifact, tokenizer, and host resources
  support             Collect model status and receipt evidence for support
  cuda                RTX 5070 Ti CUDA proof-lane utilities
  mac                 Mac-oriented SLM check, ask, validate, and receipt-check wrappers
  tokenize            Tokenize text and output token IDs as JSON
  score               Calculate perplexity score for a model
  inference           Run inference on a model
  chat                Interactive chat mode (streaming)
  receipts            Explain BitNet-rs JSON receipts and claim boundaries
  convert             Convert between model formats
  benchmark           Benchmark model performance
  serve               Start inference server
  config              Manage configuration
  info                Show system information
  validate            Run validation-only preflight checks
  inspect             Inspect model metadata and diagnostics
  compat-check        Check GGUF file compatibility using header validation
  list-architectures  List all supported model architectures
  list-templates      List all available prompt templates
  help                Print this message or the help of the given subcommand(s)

Options:
  -c, --config <PATH>
          Configuration file path

  -d, --device <DEVICE>
          Device/backend label (cpu, cuda/gpu, hip/rocm, oneapi, npu/openvino-npu, nvidia-rtx-5070-ti-cuda/wgpu, intel-a770-opencl, metal/mpsgraph, apple-m4-metal, apple-m4-mpsgraph, apple-m4-cpu-neon, apple-m3-air-metal, apple-m3-air-mpsgraph, apple-m3-air-cpu-neon, auto). Apple M4 and M3 Air labels are distinct proof lanes

      --log-level <LEVEL>
          Log level (trace, debug, info, warn, error)

      --threads <N>
          Number of CPU threads

      --batch-size <SIZE>
          Batch size for processing

      --completions <SHELL>
          Generate shell completions

          [possible values: bash, elvish, fish, powershell, zsh]

      --save-config <PATH>
          Write the effective configuration to a file and exit

      --interface-version
          Print CLI interface version and exit

  -h, --help
          Print help (see a summary with '-h')

  -V, --version
          Print version

Diagnostic, parity, and hardware bring-up subcommands are hidden from this list to keep the primary path readable. They still run, and are documented in docs/reference/inference-cli-reference.md.

CLI Interface Version: 1.0.0
Docs: https://github.com/EffortlessMetrics/BitNet-rs/tree/main/docs
Issues: https://github.com/EffortlessMetrics/BitNet-rs/issues
